// Jest Snapshot v1, https://goo.gl/fbAQLP

exports[`Tests on <HookApp /> It should show <HookApp /> properly 1`] = `
<div>
  <h1>
    Hello World
  </h1>
</div>
`;
