// Jest Snapshot v1, https://goo.gl/fbAQLP

exports[`Tests on <FirstApp /> It should show < FirstApp /> properly 1`] = `
<Fragment>
  <h1>
    Hello, I'm Goku
  </h1>
  <p>
    I'm a subtitle
  </p>
</Fragment>
`;
