// Jest Snapshot v1, https://goo.gl/fbAQLP

exports[`Tests on <HomeScreen /> It should show <HomeScreen /> properly 1`] = `
Array [
  <h1>
    HomeScreen
  </h1>,
  <hr />,
  <pre>
    {
   "name": "flleonx",
   "email": "flleonx@gmail.com"
}
  </pre>,
]
`;
