// Jest Snapshot v1, https://goo.gl/fbAQLP

exports[`Test on <AddCategory /> It should show <AddCategory /> properly 1`] = `
<form
  onSubmit={[Function]}
>
  <p />
  <input
    onChange={[Function]}
    type="text"
    value=""
  />
</form>
`;
